// Jest Snapshot v1, https://goo.gl/fbAQLP

exports[`renders homepage unchanged 1`] = `
<div>
  <main>
    <div
      class="body"
    >
      <div
        class="body"
      >
        <div
          class="body"
          data-testid="article__component"
        >
          <div>
            <p
              style="font-weight: bold; margin-bottom: 20px; margin-top: 8px;"
            >
              Trending
            </p>
            <div
              class="news__top__wrapper"
            >
              <div
                class="news__top__wrapper__for__five__articles"
              />
            </div>
            <p
              style="font-weight: bold; margin-bottom: 20px;"
            >
              The Latest
            </p>
            <div
              class="news__Latest__container"
            />
          </div>
        </div>
        <div
          class="body"
        >
          <span>
            Footer
          </span>
        </div>
      </div>
    </div>
  </main>
</div>
`;
